/home/ubuntu/justlife/internal_route_audit.md
html=684 routes=736 missing=167
/ar-AE/abu-dhabi <- ar-AE.html, ar-AE/3-alarming-reasons-to-clean-your-ac-before-summer.html, ar-AE/5-house-cleaning-secrets-from-justlife-professionals.html
/ar-AE/ac-cleaning-at-home/checkout/flex <- ar-AE/ac-cleaning-sharjah.html, ar-AE/ac-cleaning.html, mirrored-checkouts/ar-AE/ac-cleaning-at-home/checkout/flex.html
/ar-AE/ac-cleaning/checkout/details <- ar-AE/3-alarming-reasons-to-clean-your-ac-before-summer.html, mirrored-checkouts/ar-AE/ac-cleaning/checkout/details.html
/ar-AE/ac_cleaning_at_home/checkout/flex <- ar-AE/ac-cleaning-abu-dhabi.html, ar-AE/ac-cleaning-dubai.html, mirrored-checkouts/ar-AE/ac_cleaning_at_home/checkout/flex.html
/ar-AE/ajman <- ar-AE.html, ar-AE/3-alarming-reasons-to-clean-your-ac-before-summer.html, ar-AE/5-house-cleaning-secrets-from-justlife-professionals.html
/ar-AE/at-home-nurse-care/checkout/flex <- ar-AE/nurse-care-at-home-abu-dhabi.html, ar-AE/nurse-care-at-home-ajman.html, ar-AE/nurse-care-at-home-dubai.html
/ar-AE/babysitting-at-home/checkout/flex <- ar-AE/babysitting-at-home-dubai.html, ar-AE/babysitting-at-home.html, mirrored-checkouts/ar-AE/babysitting-at-home/checkout/flex.html
/ar-AE/beauty-for-her/checkout/flex <- ar-AE/back-facial-abu-dhabi.html, ar-AE/back-facial-dubai.html, ar-AE/eyebrow-threading-at-home.html
/ar-AE/body-adjustment/checkout/flex <- ar-AE/body-adjustment-at-home-dubai.html, ar-AE/body-adjustment-at-home.html, mirrored-checkouts/ar-AE/body-adjustment/checkout/flex.html
/ar-AE/car-wash-at-home/checkout/flex <- ar-AE/car-wash-at-home-abu-dhabi.html, ar-AE/car-wash-at-home-dubai.html, ar-AE/car-wash-at-home.html
/ar-AE/chiropractic-at-home <- ar-AE/body-adjustment-at-home.html, ar-AE/doctor-on-call.html, ar-AE/eyebrow-threading-at-home.html
/ar-AE/cleaning-companies <- ar-AE/ac-cleaning.html, ar-AE/babysitting-at-home-dubai.html, ar-AE/babysitting-at-home.html
/ar-AE/cleaning-services <- ar-AE/5-reasons-tidying-your-room-will-benefit-you.html, ar-AE/ac-cleaning.html, ar-AE/babysitting-at-home-dubai.html
/ar-AE/cleaning-services-dubai <- ar-AE/handyman-services-dubai.html
/ar-AE/contact-us <- ar-AE.html, ar-AE/3-alarming-reasons-to-clean-your-ac-before-summer.html, ar-AE/5-house-cleaning-secrets-from-justlife-professionals.html
/ar-AE/curtain-cleaning/checkout/details <- ar-AE/curtain-cleaning.html, mirrored-checkouts/ar-AE/curtain-cleaning/checkout/details.html
/ar-AE/deep-cleaning <- ar-AE.html, ar-AE/3-alarming-reasons-to-clean-your-ac-before-summer.html, ar-AE/5-house-cleaning-secrets-from-justlife-professionals.html
/ar-AE/deep-cleaning-2 <- mirrored-checkouts/en-AE/deep-cleaning-2.html
/ar-AE/deep-cleaning-ae/checkout/flex <- ar-AE/deep-cleaning-abu-dhabi.html, ar-AE/deep-cleaning-checklist.html, ar-AE/deep-cleaning-dubai-al-barsha.html
/ar-AE/disinfection/checkout/flex <- ar-AE/disinfection-service.html, mirrored-checkouts/ar-AE/disinfection/checkout/flex.html, mirrored-checkouts/en-AE/disinfection/checkout/flex.html
/ar-AE/doctor-at-home/checkout/flex <- ar-AE/doctor-on-call-abu-dhabi.html, ar-AE/doctor-on-call-dubai.html, ar-AE/doctor-on-call-sharjah.html
/ar-AE/dubai <- ar-AE.html, ar-AE/3-alarming-reasons-to-clean-your-ac-before-summer.html, ar-AE/5-house-cleaning-secrets-from-justlife-professionals.html
/ar-AE/faq <- ar-AE.html, ar-AE/3-alarming-reasons-to-clean-your-ac-before-summer.html, ar-AE/5-house-cleaning-secrets-from-justlife-professionals.html
/ar-AE/flu-vaccine-at-home/checkout/flex <- ar-AE/flu-vaccine-at-home-ajman.html, ar-AE/flu-vaccine-at-home-dubai.html, ar-AE/flu-vaccine-at-home-sharjah.html
/ar-AE/foot-massage-service-at-home <- ar-AE/spa-and-massage-service-at-home.html
/ar-AE/furniture-cleaning/checkout/flex <- ar-AE/carpet-cleaning-abu-dhabi.html, ar-AE/carpet-cleaning-dubai-al-barsha.html, ar-AE/carpet-cleaning-dubai-al-muteena.html
/ar-AE/hair-care/checkout/flex <- ar-AE/hair-salon-at-home-abu-dhabi.html, ar-AE/hair-salon-at-home-dubai.html, ar-AE/what-is-hair-spa-and-hair-spa-benefits.html
/ar-AE/hair-salon-at-home-sharjah <- ar-AE/hair-salon-at-home.html
/ar-AE/handyman-and-maintenance/checkout/flex <- ar-AE/electrician-services-dubai.html, ar-AE/electrician-services.html, ar-AE/handyman-services-dubai.html
/ar-AE/home-cleaning/checkout/details <- ar-AE/5-house-cleaning-secrets-from-justlife-professionals.html, ar-AE/5-reasons-tidying-your-room-will-benefit-you.html, ar-AE/7-steps-in-cleaning-process.html
/ar-AE/home-painting/checkout/flex <- ar-AE/home-painting-services.html, mirrored-checkouts/ar-AE/home-painting/checkout/flex.html, mirrored-checkouts/en-AE/home-painting/checkout/flex.html
/ar-AE/house-cleaning-dubai-jbr <- ar-AE/house-cleaning-dubai.html, en-AE/house-cleaning-dubai-jbr.html
/ar-AE/iv-therapy-at-home/checkout/flex <- ar-AE/benefits-of-iv-therapy.html, ar-AE/glutathione-iv-therapy-at-home.html, ar-AE/iv-therapy-at-home-abu-dhabi.html
/ar-AE/lab-tests-at-home/checkout/flex <- ar-AE/female-fertility-test-at-home.html, ar-AE/female-hormone-test-at-home.html, ar-AE/food-intolerance-test-at-home.html
/ar-AE/lashes-brows-at-home <- ar-AE/body-adjustment-at-home-dubai.html, ar-AE/body-adjustment-at-home.html, ar-AE/doctor-on-call.html
/ar-AE/laundry-and-dry-cleaning/checkout/flex <- ar-AE/ironing-abu-dhabi.html, ar-AE/ironing-dubai.html, ar-AE/laundry-dubai.html
/ar-AE/mattress-cleaning/checkout/details <- ar-AE/mattress-cleaning.html, mirrored-checkouts/ar-AE/mattress-cleaning/checkout/details.html
/ar-AE/mens-spa/checkout/flex <- ar-AE/mens-spa-abu-dhabi.html, ar-AE/mens-spa-dubai.html, ar-AE/mens-spa.html
/ar-AE/mobile-ice-bath <- ar-AE/body-adjustment-at-home-dubai.html, ar-AE/body-adjustment-at-home.html, ar-AE/doctor-on-call.html
/ar-AE/my-account/help <- ar-AE.html, ar-AE/3-alarming-reasons-to-clean-your-ac-before-summer.html, ar-AE/5-house-cleaning-secrets-from-justlife-professionals.html
/ar-AE/nail-couture-service <- ar-AE/body-adjustment-at-home-dubai.html, ar-AE/body-adjustment-at-home.html, ar-AE/doctor-on-call.html
/ar-AE/online-therapy-flex/checkout/flex <- ar-AE/psychotherapy-counselling-abu-dhabi.html, ar-AE/psychotherapy-counselling-dubai.html, ar-AE/psychotherapy-counselling-sharjah.html
/ar-AE/packers-and-movers-abu-dhabi <- ar-AE/packers-and-movers.html
/ar-AE/packers-and-movers-dubai <- ar-AE/packers-and-movers.html
/ar-AE/packers-and-movers/checkout/flex <- ar-AE/packers-and-movers.html, mirrored-checkouts/ar-AE/packers-and-movers/checkout/flex.html, mirrored-checkouts/en-AE/packers-and-movers/checkout/flex.html
/ar-AE/pcr-at-home/checkout/flex <- ar-AE/pcr-at-home.html, mirrored-checkouts/ar-AE/pcr-at-home/checkout/flex.html, mirrored-checkouts/en-AE/pcr-at-home/checkout/flex.html
/ar-AE/personal-nutritionist <- ar-AE/body-adjustment-at-home-dubai.html, ar-AE/body-adjustment-at-home.html, ar-AE/doctor-on-call.html
/ar-AE/personal-trainer/checkout/flex <- ar-AE/personal-trainer-at-home.html, mirrored-checkouts/ar-AE/personal-trainer/checkout/flex.html, mirrored-checkouts/en-AE/personal-trainer/checkout/flex.html
/ar-AE/pest-control/checkout/flex <- ar-AE/pest-control-abu-dhabi.html, ar-AE/pest-control-dubai.html, ar-AE/pest-control-sharjah.html
/ar-AE/pet-grooming/checkout/flex <- ar-AE/pet-grooming-dubai.html, ar-AE/pet-grooming.html, ar-AE/tips-to-keep-your-pet-cool-this-summer.html
/ar-AE/physiotherapy-at-home/checkout/flex <- ar-AE/physiotherapy-at-home-abu-dhabi.html, ar-AE/physiotherapy-at-home-ajman.html, ar-AE/physiotherapy-at-home-dubai.html
/ar-AE/popular-hairstyles-for-men <- ar-AE/mens-salon.html
/ar-AE/premium-grooming/checkout/flex <- ar-AE/mani-pedi-for-men.html, ar-AE/mens-beard-grooming-abu-dhabi.html, ar-AE/mens-grooming-abu-dhabi.html
/ar-AE/privacy <- ar-AE.html, ar-AE/3-alarming-reasons-to-clean-your-ac-before-summer.html, ar-AE/5-house-cleaning-secrets-from-justlife-professionals.html
/ar-AE/sharjah <- ar-AE.html, ar-AE/3-alarming-reasons-to-clean-your-ac-before-summer.html, ar-AE/5-house-cleaning-secrets-from-justlife-professionals.html
/ar-AE/sitemap <- ar-AE.html, ar-AE/3-alarming-reasons-to-clean-your-ac-before-summer.html, ar-AE/5-house-cleaning-secrets-from-justlife-professionals.html
/ar-AE/sofa-cleaning-dubai-al-muteena <- ar-AE/sofa-cleaning-dubai.html, en-AE/sofa-cleaning-dubai-al-muteena.html
/ar-AE/sofa-cleaning-dubai-difc <- ar-AE/sofa-cleaning-dubai.html, en-AE/sofa-cleaning-dubai-difc.html
/ar-AE/sofa-cleaning-dubai-jbr <- ar-AE/sofa-cleaning-dubai.html, en-AE/sofa-cleaning-dubai-jbr.html
/ar-AE/sofa-cleaning-dubai-jebel-ali <- ar-AE/sofa-cleaning-dubai.html, en-AE/sofa-cleaning-dubai-jebel-ali.html
/ar-AE/sofa-cleaning-dubai-marina <- ar-AE/sofa-cleaning-dubai.html, en-AE/sofa-cleaning-dubai-marina.html
/ar-AE/sofa-cleaning-dubai-mirdif <- ar-AE/sofa-cleaning-dubai.html, en-AE/sofa-cleaning-dubai-mirdif.html
/ar-AE/spa-treatments/checkout/flex <- ar-AE/balinese-massage-service-at-home.html, ar-AE/spa-and-massage-service-at-home-abu-dhabi.html, ar-AE/spa-and-massage-service-at-home-ajman.html
/ar-AE/spray-tanning-at-home <- ar-AE/body-adjustment-at-home-dubai.html, ar-AE/body-adjustment-at-home.html, ar-AE/doctor-on-call.html
/ar-AE/terms <- ar-AE.html, ar-AE/3-alarming-reasons-to-clean-your-ac-before-summer.html, ar-AE/5-house-cleaning-secrets-from-justlife-professionals.html
/ar-SA/ac-cleaning-at-home/checkout/flex <- mirrored-checkouts/ar-AE/ac-cleaning-at-home/checkout/flex.html
/ar-SA/ac-cleaning/checkout/details <- mirrored-checkouts/ar-AE/ac-cleaning/checkout/details.html
/ar-SA/ac_cleaning_at_home/checkout/flex <- mirrored-checkouts/ar-AE/ac_cleaning_at_home/checkout/flex.html
/ar-SA/at-home-nurse-care/checkout/flex <- mirrored-checkouts/ar-AE/at-home-nurse-care/checkout/flex.html
/ar-SA/babysitting-at-home/checkout/flex <- mirrored-checkouts/ar-AE/babysitting-at-home/checkout/flex.html
/ar-SA/beauty-for-her/checkout/flex <- mirrored-checkouts/ar-AE/beauty-for-her/checkout/flex.html
/ar-SA/body-adjustment/checkout/flex <- mirrored-checkouts/ar-AE/body-adjustment/checkout/flex.html
/ar-SA/car-wash-at-home/checkout/flex <- mirrored-checkouts/ar-AE/car-wash-at-home/checkout/flex.html
/ar-SA/contact-us <- ar-SA.html
/ar-SA/curtain-cleaning/checkout/details <- mirrored-checkouts/ar-AE/curtain-cleaning/checkout/details.html
/ar-SA/deep-cleaning-ae/checkout/flex <- mirrored-checkouts/ar-AE/deep-cleaning-ae/checkout/flex.html
/ar-SA/disinfection/checkout/flex <- mirrored-checkouts/ar-AE/disinfection/checkout/flex.html
/ar-SA/doctor-at-home/checkout/flex <- mirrored-checkouts/ar-AE/doctor-at-home/checkout/flex.html
/ar-SA/faq <- ar-SA.html
/ar-SA/flu-vaccine-at-home/checkout/flex <- mirrored-checkouts/ar-AE/flu-vaccine-at-home/checkout/flex.html
